Place holder for test log file
// This file is used to store the test log for the AI Career Guide project.